// Jest Snapshot v1, https://jestjs.io/docs/snapshot-testing

exports[`input rule schema validation works as expected 1`] = `
[
  [GraphQLError: It has to be an email!],
]
`;
